
> build
> cross-env NODE_OPTIONS="--no-deprecation --max-old-space-size=8000" next build

   ??Next.js 15.4.11
   - Environments: .env

   Creating an optimized production build ...
 ??Compiled successfully in 23.0s
   Linting and checking validity of types ...

./src/app/(frontend)/community/[id]/page.tsx
5:31  Warning: 'Calendar' is defined but never used. Allowed unused vars must match /^_/u.  @typescript-eslint/no-unused-vars
5:41  Warning: 'Eye' is defined but never used. Allowed unused vars must match /^_/u.  @typescript-eslint/no-unused-vars
137:46  Warning: Unexpected any. Specify a different type.  @typescript-eslint/no-explicit-any

./src/app/(frontend)/courses/[id]/page.tsx
5:34  Warning: 'PlayCircle' is defined but never used. Allowed unused vars must match /^_/u.  @typescript-eslint/no-unused-vars
58:21  Warning: Using `<img>` could result in slower LCP and higher bandwidth. Consider using `<Image />` from `next/image` or a custom image loader to automatically optimize images. This may incur additional usage or cost from your provider. See: https://nextjs.org/docs/messages/no-img-element  @next/next/no-img-element
156:46  Warning: Unexpected any. Specify a different type.  @typescript-eslint/no-explicit-any

./src/app/(frontend)/products/[id]/page.tsx
122:46  Warning: Unexpected any. Specify a different type.  @typescript-eslint/no-explicit-any

./src/app/my-route/route.ts
4:27  Warning: 'request' is defined but never used. Allowed unused args must match /^_/u.  @typescript-eslint/no-unused-vars
5:9  Warning: 'payload' is assigned a value but never used. Allowed unused vars must match /^_/u.  @typescript-eslint/no-unused-vars

./src/collections/Comments.ts
25:32  Warning: Unexpected any. Specify a different type.  @typescript-eslint/no-explicit-any

./src/collections/Inquiries.ts
36:32  Warning: Unexpected any. Specify a different type.  @typescript-eslint/no-explicit-any

./src/components/Header/index.tsx
33:43  Warning: Unexpected any. Specify a different type.  @typescript-eslint/no-explicit-any

./src/migrations/20250929_111647.ts
3:32  Warning: 'payload' is defined but never used. Allowed unused args must match /^_/u.  @typescript-eslint/no-unused-vars
3:41  Warning: 'req' is defined but never used. Allowed unused args must match /^_/u.  @typescript-eslint/no-unused-vars
148:34  Warning: 'payload' is defined but never used. Allowed unused args must match /^_/u.  @typescript-eslint/no-unused-vars
148:43  Warning: 'req' is defined but never used. Allowed unused args must match /^_/u.  @typescript-eslint/no-unused-vars

./src/payload.config.ts
9:10  Warning: 'r2Storage' is defined but never used. Allowed unused vars must match /^_/u.  @typescript-eslint/no-unused-vars
10:10  Warning: 'seoPlugin' is defined but never used. Allowed unused vars must match /^_/u.  @typescript-eslint/no-unused-vars
11:10  Warning: 'searchPlugin' is defined but never used. Allowed unused vars must match /^_/u.  @typescript-eslint/no-unused-vars
39:20  Warning: Unexpected any. Specify a different type.  @typescript-eslint/no-explicit-any

info  - Need to disable some ESLint rules? Learn more here: https://nextjs.org/docs/app/api-reference/config/eslint#disabling-rules
   Collecting page data ...
--- Initializing Payload Config ---
isCLI: false
isProduction: true
Using Production Cloudflare Context.
--- Initializing Payload Config ---
isCLI: false
isProduction: true
Using Production Cloudflare Context.
--- Initializing Payload Config ---
isCLI: false
isProduction: true
Using Production Cloudflare Context.
--- Initializing Payload Config ---
isCLI: false
isProduction: true
Using Production Cloudflare Context.
--- Initializing Payload Config ---
isCLI: false
isProduction: true
Using Production Cloudflare Context.
--- Initializing Payload Config ---
isCLI: false
isProduction: true
Using Production Cloudflare Context.
--- Initializing Payload Config ---
isCLI: false
isProduction: true
Using Production Cloudflare Context.
--- Initializing Payload Config ---
isCLI: false
isProduction: true
Using Production Cloudflare Context.
--- Initializing Payload Config ---
isCLI: false
isProduction: true
Using Production Cloudflare Context.
--- Initializing Payload Config ---
isCLI: false
isProduction: true
Using Production Cloudflare Context.
--- Initializing Payload Config ---
isCLI: false
isProduction: true
Using Production Cloudflare Context.
node.exe : [33m??[43;33m[[43;30mWARNING[43;33m][0m [1mProcessing wrangler
.jsonc configuration:[0m
위치 줄:1 문자:1
+ & "C:\Program Files\nodejs/node.exe" "C:\Program Files\nodejs/node_mo ...
+ ~~~~~~~~~~~~~~~~~~~~~~~~~~~~~~~~~~~~~~~~~~~~~~~~~~~~~~~~~~~~~~~~~~~~~
    + CategoryInfo          : NotSpecified: ([33m??[43;33m...figuration:[0m 
   :String) [], RemoteException
    + FullyQualifiedErrorId : NativeCommandError
 

  
    - "env.production" environment configuration
      - "services" exists at the top level, but not on "env.production".
        This is not what you probably want, since "services" is not inherited b
y environments.
        Please add "services" to "env.production".


[33m??[43;33m[[43;30mWARNING[43;33m][0m [1mProcessing wrangler.jsonc conf
iguration:[0m

  
    - "env.production" environment configuration
      - "services" exists at the top level, but not on "env.production".
        This is not what you probably want, since "services" is not inherited b
y environments.
        Please add "services" to "env.production".


[33m??[43;33m[[43;30mWARNING[43;33m][0m [1mProcessing wrangler.jsonc conf
iguration:[0m

  
    - "env.production" environment configuration
      - "services" exists at the top level, but not on "env.production".
        This is not what you probably want, since "services" is not inherited b
y environments.
        Please add "services" to "env.production".


[33m??[43;33m[[43;30mWARNING[43;33m][0m [1mProcessing wrangler.jsonc conf
iguration:[0m

  
    - "env.production" environment configuration
      - "services" exists at the top level, but not on "env.production".
        This is not what you probably want, since "services" is not inherited b
y environments.
        Please add "services" to "env.production".


[33m??[43;33m[[43;30mWARNING[43;33m][0m [1mProcessing wrangler.jsonc conf
iguration:[0m

  
    - "env.production" environment configuration
      - "services" exists at the top level, but not on "env.production".
        This is not what you probably want, since "services" is not inherited b
y environments.
        Please add "services" to "env.production".


[33m??[43;33m[[43;30mWARNING[43;33m][0m [1mProcessing wrangler.jsonc conf
iguration:[0m

  
    - "env.production" environment configuration
      - "services" exists at the top level, but not on "env.production".
        This is not what you probably want, since "services" is not inherited b
y environments.
        Please add "services" to "env.production".


[33m??[43;33m[[43;30mWARNING[43;33m][0m [1mProcessing wrangler.jsonc conf
iguration:[0m

  
    - "env.production" environment configuration
      - "services" exists at the top level, but not on "env.production".
        This is not what you probably want, since "services" is not inherited b
y environments.
        Please add "services" to "env.production".


[33m??[43;33m[[43;30mWARNING[43;33m][0m [1mProcessing wrangler.jsonc conf
iguration:[0m

  
    - "env.production" environment configuration
      - "services" exists at the top level, but not on "env.production".
        This is not what you probably want, since "services" is not inherited b
y environments.
        Please add "services" to "env.production".


[33m??[43;33m[[43;30mWARNING[43;33m][0m [1mProcessing wrangler.jsonc conf
iguration:[0m

  
    - "env.production" environment configuration
      - "services" exists at the top level, but not on "env.production".
        This is not what you probably want, since "services" is not inherited b
y environments.
        Please add "services" to "env.production".


[33m??[43;33m[[43;30mWARNING[43;33m][0m [1mProcessing wrangler.jsonc conf
iguration:[0m

  
    - "env.production" environment configuration
      - "services" exists at the top level, but not on "env.production".
        This is not what you probably want, since "services" is not inherited b
y environments.
        Please add "services" to "env.production".


[33m??[43;33m[[43;30mWARNING[43;33m][0m [1mProcessing wrangler.jsonc conf
iguration:[0m

  
    - "env.production" environment configuration
      - "services" exists at the top level, but not on "env.production".
        This is not what you probably want, since "services" is not inherited b
y environments.
        Please add "services" to "env.production".


[33m??[43;33m[[43;30mWARNING[43;33m][0m [1mProcessing wrangler.jsonc conf
iguration:[0m

  
    - "env.production" environment configuration
      - "services" exists at the top level, but not on "env.production".
        This is not what you probably want, since "services" is not inherited b
y environments.
        Please add "services" to "env.production".


[33m??[43;33m[[43;30mWARNING[43;33m][0m [1mProcessing wrangler.jsonc conf
iguration:[0m

  
    - "env.production" environment configuration
      - "services" exists at the top level, but not on "env.production".
        This is not what you probably want, since "services" is not inherited b
y environments.
        Please add "services" to "env.production".


[33m??[43;33m[[43;30mWARNING[43;33m][0m [1mProcessing wrangler.jsonc conf
iguration:[0m

  
    - "env.production" environment configuration
      - "services" exists at the top level, but not on "env.production".
        This is not what you probably want, since "services" is not inherited b
y environments.
        Please add "services" to "env.production".


[33m??[43;33m[[43;30mWARNING[43;33m][0m [1mProcessing wrangler.jsonc conf
iguration:[0m

  
    - "env.production" environment configuration
      - "services" exists at the top level, but not on "env.production".
        This is not what you probably want, since "services" is not inherited b
y environments.
        Please add "services" to "env.production".


[33m??[43;33m[[43;30mWARNING[43;33m][0m [1mProcessing wrangler.jsonc conf
iguration:[0m

  
    - "env.production" environment configuration
      - "services" exists at the top level, but not on "env.production".
        This is not what you probably want, since "services" is not inherited b
y environments.
        Please add "services" to "env.production".


[33m??[43;33m[[43;30mWARNING[43;33m][0m [1mProcessing wrangler.jsonc conf
iguration:[0m

  
    - "env.production" environment configuration
      - "services" exists at the top level, but not on "env.production".
        This is not what you probably want, since "services" is not inherited b
y environments.
        Please add "services" to "env.production".


[33m??[43;33m[[43;30mWARNING[43;33m][0m [1mProcessing wrangler.jsonc conf
iguration:[0m

  
    - "env.production" environment configuration
      - "services" exists at the top level, but not on "env.production".
        This is not what you probably want, since "services" is not inherited b
y environments.
        Please add "services" to "env.production".


[33m??[43;33m[[43;30mWARNING[43;33m][0m [1mProcessing wrangler.jsonc conf
iguration:[0m

  
    - "env.production" environment configuration
      - "services" exists at the top level, but not on "env.production".
        This is not what you probably want, since "services" is not inherited b
y environments.
        Please add "services" to "env.production".


[33m??[43;33m[[43;30mWARNING[43;33m][0m [1mProcessing wrangler.jsonc conf
iguration:[0m

  
    - "env.production" environment configuration
      - "services" exists at the top level, but not on "env.production".
        This is not what you probably want, since "services" is not inherited b
y environments.
        Please add "services" to "env.production".


[33m??[43;33m[[43;30mWARNING[43;33m][0m [1mProcessing wrangler.jsonc conf
iguration:[0m

  
    - "env.production" environment configuration
      - "services" exists at the top level, but not on "env.production".
        This is not what you probably want, since "services" is not inherited b
y environments.
        Please add "services" to "env.production".


[33m??[43;33m[[43;30mWARNING[43;33m][0m [1mProcessing wrangler.jsonc conf
iguration:[0m

  
    - "env.production" environment configuration
      - "services" exists at the top level, but not on "env.production".
        This is not what you probably want, since "services" is not inherited b
y environments.
        Please add "services" to "env.production".


   Generating static pages (0/12) ...
--- Initializing Payload Config ---
isCLI: false
isProduction: true
Using Production Cloudflare Context.
[33m??[43;33m[[43;30mWARNING[43;33m][0m [1mProcessing wrangler.jsonc conf
iguration:[0m

  
    - "env.production" environment configuration
      - "services" exists at the top level, but not on "env.production".
        This is not what you probably want, since "services" is not inherited b
y environments.
        Please add "services" to "env.production".


[33m??[43;33m[[43;30mWARNING[43;33m][0m [1mProcessing wrangler.jsonc conf
iguration:[0m

  
    - "env.production" environment configuration
      - "services" exists at the top level, but not on "env.production".
        This is not what you probably want, since "services" is not inherited b
y environments.
        Please add "services" to "env.production".


   Generating static pages (3/12) 
   Generating static pages (6/12) 
Error loading shop products: Error: Failed query: select count(*) from "categor
ies" where "categories"."type" = ?
params: shop
    at al.queryWithCache (C:\Users\USER\Desktop\AI????덊럹?댁? ?댁쟾\.next\server\c
hunks\5002.js:85:20686)
    at async al.values (C:\Users\USER\Desktop\AI????덊럹?댁? ?댁쟾\.next\server\chu
nks\5002.js:85:26063)
    ... 4 lines matching cause stack trace ...
    at async n (C:\Users\USER\Desktop\AI????덊럹?댁? ?댁쟾\.next\server\app\(fronte
nd)\shop\page.js:2:15009) {
  query: 'select count(*) from "categories" where "categories"."type" = ?',
  params: [Array],
  [cause]: Error: D1_ERROR: no such table: categories: SQLITE_ERROR
      at async al.queryWithCache (C:\Users\USER\Desktop\AI????덊럹?댁? ?댁쟾\.next\
server\chunks\5002.js:85:20661)
      at async al.values (C:\Users\USER\Desktop\AI????덊럹?댁? ?댁쟾\.next\server\c
hunks\5002.js:85:26063)
      at async al.all (C:\Users\USER\Desktop\AI????덊럹?댁? ?댁쟾\.next\server\chun
ks\5002.js:85:25200)
      at async Object.f [as countDistinct] (C:\Users\USER\Desktop\AI????덊럹?댁? 
?댁쟾\.next\server\chunks\5002.js:158:10224)
      at async m (C:\Users\USER\Desktop\AI????덊럹?댁? ?댁쟾\.next\server\chunks\50
02.js:86:10897)
      at async z (C:\Users\USER\Desktop\AI????덊럹?댁? ?댁쟾\.next\server\chunks\50
02.js:157:185295)
      at async n (C:\Users\USER\Desktop\AI????덊럹?댁? ?댁쟾\.next\server\app\(fron
tend)\shop\page.js:2:15009) {
    [cause]: Error: no such table: categories: SQLITE_ERROR
        at D1DatabaseSessionAlwaysPrimary._sendOrThrow (cloudflare-internal:d1-
api:140:24)
        at async (cloudflare-internal:d1-api:374:36)
  }
}
   Generating static pages (9/12) 
Error loading community posts: Error: Failed query: select count(*) from "categ
ories" where "categories"."type" = ?
params: community
    at al.queryWithCache (C:\Users\USER\Desktop\AI????덊럹?댁? ?댁쟾\.next\server\c
hunks\5002.js:85:20686)
    at async al.values (C:\Users\USER\Desktop\AI????덊럹?댁? ?댁쟾\.next\server\chu
nks\5002.js:85:26063)
    ... 4 lines matching cause stack trace ...
    at async o (C:\Users\USER\Desktop\AI????덊럹?댁? ?댁쟾\.next\server\app\(fronte
nd)\community\page.js:1:4455) {
  query: 'select count(*) from "categories" where "categories"."type" = ?',
  params: [Array],
  [cause]: Error: D1_ERROR: no such table: categories: SQLITE_ERROR
      at async al.queryWithCache (C:\Users\USER\Desktop\AI????덊럹?댁? ?댁쟾\.next\
server\chunks\5002.js:85:20661)
      at async al.values (C:\Users\USER\Desktop\AI????덊럹?댁? ?댁쟾\.next\server\c
hunks\5002.js:85:26063)
      at async al.all (C:\Users\USER\Desktop\AI????덊럹?댁? ?댁쟾\.next\server\chun
ks\5002.js:85:25200)
      at async Object.f [as countDistinct] (C:\Users\USER\Desktop\AI????덊럹?댁? 
?댁쟾\.next\server\chunks\5002.js:158:10224)
      at async m (C:\Users\USER\Desktop\AI????덊럹?댁? ?댁쟾\.next\server\chunks\50
02.js:86:10897)
      at async z (C:\Users\USER\Desktop\AI????덊럹?댁? ?댁쟾\.next\server\chunks\50
02.js:157:185295)
      at async o (C:\Users\USER\Desktop\AI????덊럹?댁? ?댁쟾\.next\server\app\(fron
tend)\community\page.js:1:4455) {
    [cause]: Error: no such table: categories: SQLITE_ERROR
        at D1DatabaseSessionAlwaysPrimary._sendOrThrow (cloudflare-internal:d1-
api:140:24)
        at async (cloudflare-internal:d1-api:374:36)
  }
}
Error loading courses: Error: Failed query: select count(*) from "courses"
params: 
    at al.queryWithCache (C:\Users\USER\Desktop\AI????덊럹?댁? ?댁쟾\.next\server\c
hunks\5002.js:85:20686)
    at async al.values (C:\Users\USER\Desktop\AI????덊럹?댁? ?댁쟾\.next\server\chu
nks\5002.js:85:26063)
    ... 4 lines matching cause stack trace ...
    at async p (C:\Users\USER\Desktop\AI????덊럹?댁? ?댁쟾\.next\server\app\(fronte
nd)\courses\page.js:1:538) {
  query: 'select count(*) from "courses"',
  params: [],
  [cause]: Error: D1_ERROR: no such table: courses: SQLITE_ERROR
      at async al.queryWithCache (C:\Users\USER\Desktop\AI????덊럹?댁? ?댁쟾\.next\
server\chunks\5002.js:85:20661)
      at async al.values (C:\Users\USER\Desktop\AI????덊럹?댁? ?댁쟾\.next\server\c
hunks\5002.js:85:26063)
      at async al.all (C:\Users\USER\Desktop\AI????덊럹?댁? ?댁쟾\.next\server\chun
ks\5002.js:85:25200)
      at async Object.f [as countDistinct] (C:\Users\USER\Desktop\AI????덊럹?댁? 
?댁쟾\.next\server\chunks\5002.js:158:10224)
      at async m (C:\Users\USER\Desktop\AI????덊럹?댁? ?댁쟾\.next\server\chunks\50
02.js:86:10897)
      at async z (C:\Users\USER\Desktop\AI????덊럹?댁? ?댁쟾\.next\server\chunks\50
02.js:157:185295)
      at async p (C:\Users\USER\Desktop\AI????덊럹?댁? ?댁쟾\.next\server\app\(fron
tend)\courses\page.js:1:538) {
    [cause]: Error: no such table: courses: SQLITE_ERROR
        at D1DatabaseSessionAlwaysPrimary._sendOrThrow (cloudflare-internal:d1-
api:140:24)
        at async (cloudflare-internal:d1-api:374:36)
  }
}
 ??Generating static pages (12/12)
   Finalizing page optimization ...
   Collecting build traces ...

Route (app)                                 Size  First Load JS
????/                                    2.22 kB         146 kB
????/_not-found                            999 B         102 kB
??? /admin/[[...segments]]                 424 B         720 kB
??? /api/[...slug]                         176 B         102 kB
??? /api/graphql                           136 B         102 kB
??? /api/graphql-playground                176 B         102 kB
????/community                             168 B         105 kB
??? /community/[id]                        168 B         105 kB
????/courses                               179 B         105 kB
??? /courses/[id]                          179 B         105 kB
????/inquiry                               136 B         102 kB
??? /my-page                               179 B         105 kB
??? /my-route                              136 B         102 kB
??? /products/[id]                         179 B         105 kB
????/shop                                  179 B         105 kB
+ First Load JS shared by all             101 kB
  ??chunks/4bd1b696-cc729d47eba2cee4.js  54.1 kB
  ??chunks/5964-217149ecc4b4e5f3.js        44 kB
  ??other shared chunks (total)          3.33 kB


?? (Static)   prerendered as static content
?  (Dynamic)  server-rendered on demand

